// Vitest Snapshot v1, https://vitest.dev/guide/snapshot.html

exports[`Icons: Snapshot > sollte Basic Icon dem Snapshot entsprechen 1`] = `"<span data-id="Icon1" data-source-line="0" class="Icon" style="display: inline-block; align-items: center; justify-content: center;"><svg xmlns="http://www.w3.org/2000/svg" width="20" height="20" viewBox="0 0 24 24" fill="none" stroke="#C0C0C0" stroke-width="2" stroke-linecap="round" stroke-linejoin="round" class="lucide lucide-search" aria-hidden="true"><path d="m21 21-4.34-4.34"></path><circle cx="11" cy="11" r="8"></circle></svg></span>"`;

exports[`Icons: Snapshot > sollte Icon Button dem Snapshot entsprechen 1`] = `"<button data-id="Button1" data-source-line="0" class="Button" type="button" style="background-color: rgb(59, 130, 246); color: white; border: medium; border-radius: 8px; padding: 12px; font-size: 13px; font-weight: 500; cursor: pointer; line-height: 1.4; display: inline-flex; flex-direction: row; gap: 8px;"><span data-id="Icon1" data-source-line="1" class="Icon" style="display: inline-block; align-items: center; justify-content: center; font-size: 16px;"><svg xmlns="http://www.w3.org/2000/svg" width="16" height="16" viewBox="0 0 24 24" fill="none" stroke="#C0C0C0" stroke-width="2" stroke-linecap="round" stroke-linejoin="round" class="lucide lucide-plus" aria-hidden="true"><path d="M5 12h14"></path><path d="M12 5v14"></path></svg></span><div data-id="Text1" data-source-line="2" class="Text" style="display: inline-block;"><span>Add Item</span></div></button>"`;
