// Vitest Snapshot v1, https://vitest.dev/guide/snapshot.html

exports[`Slots: Snapshot > Parser-Output sollte stabil sein 1`] = `
{
  "cardName": "Card",
  "childCount": 2,
  "childNames": [
    "Title",
    "Description",
  ],
  "nodeCount": 1,
  "registryKeys": [
    "Card",
    "Card.Description",
    "Card.Title",
  ],
}
`;

exports[`Slots: Snapshot > sollte dem gespeicherten Snapshot entsprechen 1`] = `"<div data-id="Card1" data-source-line="4" class="Card" style="display: inline-flex; flex-direction: column; background-color: rgb(26, 26, 26); padding: 16px; border-radius: 12px; gap: 8px; color: rgb(165, 165, 165);"><div data-id="Title2" data-source-line="1" class="Title" style="display: inline-block; color: white; font-weight: 600; width: 18px; max-width: 18px; flex-shrink: 0; height: 18px; max-height: 18px;">Welcome</div><div data-id="Description2" data-source-line="2" class="Description" style="display: inline-block; color: rgb(136, 136, 136); width: 14px; max-width: 14px; flex-shrink: 0; height: 14px; max-height: 14px;">Get started with Mirror</div></div>"`;
