// Vitest Snapshot v1, https://vitest.dev/guide/snapshot.html

exports[`ToggleButton: Snapshot > Parser-Output sollte stabil sein 1`] = `
{
  "eventNames": [
    "onclick",
  ],
  "nodeCount": 1,
  "nodeName": "Button",
  "stateNames": [
    "off",
    "on",
  ],
}
`;

exports[`ToggleButton: Snapshot > sollte dem gespeicherten Snapshot entsprechen 1`] = `"<div data-id="Button1" data-state="off" class="Button" style="display: inline-block; padding: 12px; border-radius: 8px; cursor: pointer; background-color: rgb(51, 51, 51); color: rgb(165, 165, 165);">Light Mode</div>"`;
